// Jest Snapshot v1, https://goo.gl/fbAQLP

exports[`RegistrationPage route component renders the UI as expected 1`] = `
<section
  className="RegistrationPage"
>
  <h2>
    Create an account
  </h2>
  <form
    className="RegistrationForm"
    onSubmit={[Function]}
  >
    <div
      role="alert"
    />
    <div
      className="first_name"
    >
      <label
        htmlFor="first_name"
      >
        First name
      </label>
      <input
        id="first_name"
        name="first_name"
        required={true}
        type="text"
      />
    </div>
    <div
      className="last_name"
    >
      <label
        htmlFor="last_name"
      >
        Last name
      </label>
      <input
        id="last_name"
        name="last_name"
        required={true}
        type="text"
      />
    </div>
    <div
      className="email"
    >
      <label
        htmlFor="email"
      >
        Email
      </label>
      <input
        id="email"
        name="email"
        required={true}
        type="email"
      />
    </div>
    <div
      className="password"
    >
      <label
        htmlFor="password"
      >
        Password
      </label>
      <input
        id="password"
        name="password"
        required={true}
        type="password"
      />
    </div>
    <button
      type="submit"
    >
      Submit
    </button>
  </form>
</section>
`;
