// Jest Snapshot v1, https://goo.gl/fbAQLP

exports[`Schedule Component renders the UI as expected 1`] = `
<div
  className="Schedule"
>
  <button
    id="Schedule__btn"
    onClick={[Function]}
  >
    Add Dates
  </button>
  <div
    className="closed DateModal"
  >
    <span
      className="close-modal"
      onClick={[Function]}
    >
      <svg
        aria-hidden="true"
        className="svg-inline--fa fa-times fa-w-11 "
        data-icon="times"
        data-prefix="fas"
        focusable="false"
        role="img"
        style={Object {}}
        viewBox="0 0 352 512"
        xmlns="http://www.w3.org/2000/svg"
      >
        <path
          d="M242.72 256l100.07-100.07c12.28-12.28 12.28-32.19 0-44.48l-22.24-22.24c-12.28-12.28-32.19-12.28-44.48 0L176 189.28 75.93 89.21c-12.28-12.28-32.19-12.28-44.48 0L9.21 111.45c-12.28 12.28-12.28 32.19 0 44.48L109.28 256 9.21 356.07c-12.28 12.28-12.28 32.19 0 44.48l22.24 22.24c12.28 12.28 32.2 12.28 44.48 0L176 322.72l100.07 100.07c12.28 12.28 32.2 12.28 44.48 0l22.24-22.24c12.28-12.28 12.28-32.19 0-44.48L242.72 256z"
          fill="currentColor"
          style={Object {}}
        />
      </svg>
    </span>
    <form
      onSubmit={[Function]}
    >
      <h3>
        New Reservation
      </h3>
      <input
        id="name"
        name="name"
        placeholder="Reservation title"
        required={true}
        type="text"
      />
      <div
        className="react-daterange-picker react-daterange-picker--closed react-daterange-picker--enabled"
        onFocus={[Function]}
      >
        <div
          className="react-daterange-picker__wrapper"
        >
          <div
            className="react-daterange-picker__inputGroup"
            onClick={[Function]}
            role="presentation"
          >
            <input
              max="275760-09-12"
              min="-271821-04-19"
              name="daterange_from"
              onChange={[Function]}
              onFocus={[Function]}
              style={
                Object {
                  "left": "-9999px",
                  "position": "absolute",
                  "top": "-9999px",
                  "visibility": "hidden",
                }
              }
              type="date"
              value="2019-06-25"
            />
            
            <input
              autoComplete="off"
              className="react-daterange-picker__inputGroup__input react-daterange-picker__inputGroup__month"
              max={12}
              min={1}
              name="month"
              onChange={[Function]}
              onFocus={[Function]}
              onKeyDown={[Function]}
              onKeyUp={[Function]}
              placeholder="--"
              required={null}
              type="number"
              value={6}
            />
            <span
              className="react-date-picker__inputGroup__divider"
            >
              /
            </span>
            <input
              autoComplete="off"
              className="react-daterange-picker__inputGroup__input react-daterange-picker__inputGroup__day"
              max={30}
              min={1}
              name="day"
              onChange={[Function]}
              onFocus={[Function]}
              onKeyDown={[Function]}
              onKeyUp={[Function]}
              placeholder="--"
              required={null}
              type="number"
              value={25}
            />
            <span
              className="react-date-picker__inputGroup__divider"
            >
              /
            </span>
            <input
              autoComplete="off"
              className="react-daterange-picker__inputGroup__input react-daterange-picker__inputGroup__year"
              max={275760}
              min={1000}
              name="year"
              onChange={[Function]}
              onFocus={[Function]}
              onKeyDown={[Function]}
              onKeyUp={[Function]}
              placeholder="----"
              required={null}
              step={1}
              type="number"
              value={2019}
            />
            
          </div>
          â€“
          <div
            className="react-daterange-picker__inputGroup"
            onClick={[Function]}
            role="presentation"
          >
            <input
              max="275760-09-12"
              min="-271821-04-19"
              name="daterange_to"
              onChange={[Function]}
              onFocus={[Function]}
              style={
                Object {
                  "left": "-9999px",
                  "position": "absolute",
                  "top": "-9999px",
                  "visibility": "hidden",
                }
              }
              type="date"
              value="2019-06-25"
            />
            
            <input
              autoComplete="off"
              className="react-daterange-picker__inputGroup__input react-daterange-picker__inputGroup__month"
              max={12}
              min={1}
              name="month"
              onChange={[Function]}
              onFocus={[Function]}
              onKeyDown={[Function]}
              onKeyUp={[Function]}
              placeholder="--"
              required={null}
              type="number"
              value={6}
            />
            <span
              className="react-date-picker__inputGroup__divider"
            >
              /
            </span>
            <input
              autoComplete="off"
              className="react-daterange-picker__inputGroup__input react-daterange-picker__inputGroup__day"
              max={30}
              min={1}
              name="day"
              onChange={[Function]}
              onFocus={[Function]}
              onKeyDown={[Function]}
              onKeyUp={[Function]}
              placeholder="--"
              required={null}
              type="number"
              value={25}
            />
            <span
              className="react-date-picker__inputGroup__divider"
            >
              /
            </span>
            <input
              autoComplete="off"
              className="react-daterange-picker__inputGroup__input react-daterange-picker__inputGroup__year"
              max={275760}
              min={1000}
              name="year"
              onChange={[Function]}
              onFocus={[Function]}
              onKeyDown={[Function]}
              onKeyUp={[Function]}
              placeholder="----"
              required={null}
              step={1}
              type="number"
              value={2019}
            />
            
          </div>
          <button
            className="react-daterange-picker__clear-button react-daterange-picker__button"
            onClick={[Function]}
            onFocus={[Function]}
            type="button"
          >
            <svg
              height="19"
              viewBox="0 0 19 19"
              width="19"
              xmlns="http://www.w3.org/2000/svg"
            >
              <g
                stroke="black"
                strokeWidth="2"
              >
                <line
                  x1="4"
                  x2="15"
                  y1="4"
                  y2="15"
                />
                <line
                  x1="15"
                  x2="4"
                  y1="4"
                  y2="15"
                />
              </g>
            </svg>
          </button>
          <button
            className="react-daterange-picker__calendar-button react-daterange-picker__button"
            onClick={[Function]}
            onFocus={[Function]}
            type="button"
          >
            <svg
              height="19"
              viewBox="0 0 19 19"
              width="19"
              xmlns="http://www.w3.org/2000/svg"
            >
              <g
                stroke="black"
                strokeWidth="2"
              >
                <rect
                  fill="none"
                  height="15"
                  width="15"
                  x="2"
                  y="2"
                />
                <line
                  x1="6"
                  x2="6"
                  y1="0"
                  y2="4"
                />
                <line
                  x1="13"
                  x2="13"
                  y1="0"
                  y2="4"
                />
              </g>
            </svg>
          </button>
        </div>
      </div>
      <button
        id="submit-btn"
        type="submit"
      >
        Submit
      </button>
    </form>
  </div>
  <div
    className="SelectableCalendar"
    style={
      Object {
        "height": "70vh",
      }
    }
  >
    0
  </div>
  <div
    className="closed ReservationModal"
  >
    <span
      className="close-modal"
      onClick={[Function]}
    >
      <svg
        aria-hidden="true"
        className="svg-inline--fa fa-times fa-w-11 "
        data-icon="times"
        data-prefix="fas"
        focusable="false"
        role="img"
        style={Object {}}
        viewBox="0 0 352 512"
        xmlns="http://www.w3.org/2000/svg"
      >
        <path
          d="M242.72 256l100.07-100.07c12.28-12.28 12.28-32.19 0-44.48l-22.24-22.24c-12.28-12.28-32.19-12.28-44.48 0L176 189.28 75.93 89.21c-12.28-12.28-32.19-12.28-44.48 0L9.21 111.45c-12.28 12.28-12.28 32.19 0 44.48L109.28 256 9.21 356.07c-12.28 12.28-12.28 32.19 0 44.48l22.24 22.24c12.28 12.28 32.2 12.28 44.48 0L176 322.72l100.07 100.07c12.28 12.28 32.2 12.28 44.48 0l22.24-22.24c12.28-12.28 12.28-32.19 0-44.48L242.72 256z"
          fill="currentColor"
          style={Object {}}
        />
      </svg>
    </span>
    <h3>
      
    </h3>
    <p>
      Info
    </p>
    <button
      id="submit-btn"
      onClick={[Function]}
    >
      Delete
    </button>
  </div>
</div>
`;
